[    0.000000] Linux version 4.9.0-8-amd64 (debian-kernel@lists.debian.org) (gcc version 6.3.0 20170516 (Debian 6.3.0-18+deb9u1) ) #1 SMP Debian 4.9.130-2 (2018-10-27)
[    0.000000] Command line: BOOT_IMAGE=/boot/vmlinuz-4.9.0-8-amd64 root=UUID=30123817-340a-432f-8c36-45b7363012cb ro quiet console=tty0 console=ttyS0
[    0.000000] x86/fpu: Supporting XSAVE feature 0x001: 'x87 floating point registers'
[    0.000000] x86/fpu: Supporting XSAVE feature 0x002: 'SSE registers'
[    0.000000] x86/fpu: Supporting XSAVE feature 0x004: 'AVX registers'
[    0.000000] x86/fpu: xstate_offset[2]:  576, xstate_sizes[2]:  256
[    0.000000] x86/fpu: Enabled xstate features 0x7, context size is 832 bytes, using 'standard' format.
[    0.000000] e820: BIOS-provided physical RAM map:
[    0.000000] BIOS-e820: [mem 0x0000000000000000-0x000000000009fbff] usable
[    0.000000] BIOS-e820: [mem 0x000000000009fc00-0x000000000009ffff] reserved
[    0.000000] BIOS-e820: [mem 0x00000000000f0000-0x00000000000fffff] reserved
[    0.000000] BIOS-e820: [mem 0x0000000000100000-0x000000007ffeffff] usable
[    0.000000] BIOS-e820: [mem 0x000000007fff0000-0x000000007fffffff] ACPI data
[    0.000000] BIOS-e820: [mem 0x00000000fec00000-0x00000000fec00fff] reserved
[    0.000000] BIOS-e820: [mem 0x00000000fee00000-0x00000000fee00fff] reserved
[    0.000000] BIOS-e820: [mem 0x00000000fffc0000-0x00000000ffffffff] reserved
[    0.000000] NX (Execute Disable) protection: active
[    0.000000] SMBIOS 2.5 present.
[    0.000000] DMI: innotek GmbH VirtualBox/VirtualBox, BIOS VirtualBox 12/01/2006
[    0.000000] Hypervisor detected: KVM
[    0.000000] e820: update [mem 0x00000000-0x00000fff] usable ==> reserved
[    0.000000] e820: remove [mem 0x000a0000-0x000fffff] usable
[    0.000000] e820: last_pfn = 0x7fff0 max_arch_pfn = 0x400000000
[    0.000000] MTRR default type: uncachable
[    0.000000] MTRR variable ranges disabled:
[    0.000000] MTRR: Disabled
[    0.000000] x86/PAT: MTRRs disabled, skipping PAT initialization too.
[    0.000000] CPU MTRRs all blank - virtualized system.
[    0.000000] x86/PAT: Configuration [0-7]: WB  WT  UC- UC  WB  WT  UC- UC  
[    0.000000] found SMP MP-table at [mem 0x0009fff0-0x0009ffff] mapped at [ffff8ecec009fff0]
[    0.000000] Base memory trampoline at [ffff8ecec0099000] 99000 size 24576
[    0.000000] BRK [0x2073a000, 0x2073afff] PGTABLE
[    0.000000] BRK [0x2073b000, 0x2073bfff] PGTABLE
[    0.000000] BRK [0x2073c000, 0x2073cfff] PGTABLE
[    0.000000] BRK [0x2073d000, 0x2073dfff] PGTABLE
[    0.000000] BRK [0x2073e000, 0x2073efff] PGTABLE
[    0.000000] BRK [0x2073f000, 0x2073ffff] PGTABLE
[    0.000000] RAMDISK: [mem 0x35d59000-0x36ea3fff]
[    0.000000] ACPI: Early table checksum verification disabled
[    0.000000] ACPI: RSDP 0x00000000000E0000 000024 (v02 VBOX  )
[    0.000000] ACPI: XSDT 0x000000007FFF0030 00003C (v01 VBOX   VBOXXSDT 00000001 ASL  00000061)
[    0.000000] ACPI: FACP 0x000000007FFF00F0 0000F4 (v04 VBOX   VBOXFACP 00000001 ASL  00000061)
[    0.000000] ACPI: DSDT 0x000000007FFF0470 0022EA (v02 VBOX   VBOXBIOS 00000002 INTL 20100528)
[    0.000000] ACPI: FACS 0x000000007FFF0200 000040
[    0.000000] ACPI: FACS 0x000000007FFF0200 000040
[    0.000000] ACPI: APIC 0x000000007FFF0240 00005C (v02 VBOX   VBOXAPIC 00000001 ASL  00000061)
[    0.000000] ACPI: SSDT 0x000000007FFF02A0 0001CC (v01 VBOX   VBOXCPUT 00000002 INTL 20100528)
[    0.000000] ACPI: Local APIC address 0xfee00000
[    0.000000] No NUMA configuration found
[    0.000000] Faking a node at [mem 0x0000000000000000-0x000000007ffeffff]
[    0.000000] NODE_DATA(0) allocated [mem 0x7ffeb000-0x7ffeffff]
[    0.000000] kvm-clock: Using msrs 4b564d01 and 4b564d00
[    0.000000] kvm-clock: cpu 0, msr 0:7ffe3001, primary cpu clock
[    0.000000] kvm-clock: using sched offset of 7583593804 cycles
[    0.000000] clocksource: kvm-clock: mask: 0xffffffffffffffff max_cycles: 0x1cd42e4dffb, max_idle_ns: 881590591483 ns
[    0.000000] Zone ranges:
[    0.000000]   DMA      [mem 0x0000000000001000-0x0000000000ffffff]
[    0.000000]   DMA32    [mem 0x0000000001000000-0x000000007ffeffff]
[    0.000000]   Normal   empty
[    0.000000]   Device   empty
[    0.000000] Movable zone start for each node
[    0.000000] Early memory node ranges
[    0.000000]   node   0: [mem 0x0000000000001000-0x000000000009efff]
[    0.000000]   node   0: [mem 0x0000000000100000-0x000000007ffeffff]
[    0.000000] Initmem setup node 0 [mem 0x0000000000001000-0x000000007ffeffff]
[    0.000000] On node 0 totalpages: 524174
[    0.000000]   DMA zone: 64 pages used for memmap
[    0.000000]   DMA zone: 21 pages reserved
[    0.000000]   DMA zone: 3998 pages, LIFO batch:0
[    0.000000]   DMA32 zone: 8128 pages used for memmap
[    0.000000]   DMA32 zone: 520176 pages, LIFO batch:31
[    0.000000] ACPI: PM-Timer IO Port: 0x4008
[    0.000000] ACPI: Local APIC address 0xfee00000
[    0.000000] IOAPIC[0]: apic_id 2, version 32, address 0xfec00000, GSI 0-23
[    0.000000] ACPI: INT_SRC_OVR (bus 0 bus_irq 0 global_irq 2 dfl dfl)
[    0.000000] ACPI: INT_SRC_OVR (bus 0 bus_irq 9 global_irq 9 low level)
[    0.000000] ACPI: IRQ0 used by override.
[    0.000000] ACPI: IRQ9 used by override.
[    0.000000] Using ACPI (MADT) for SMP configuration information
[    0.000000] smpboot: Allowing 2 CPUs, 0 hotplug CPUs
[    0.000000] PM: Registered nosave memory: [mem 0x00000000-0x00000fff]
[    0.000000] PM: Registered nosave memory: [mem 0x0009f000-0x0009ffff]
[    0.000000] PM: Registered nosave memory: [mem 0x000a0000-0x000effff]
[    0.000000] PM: Registered nosave memory: [mem 0x000f0000-0x000fffff]
[    0.000000] e820: [mem 0x80000000-0xfebfffff] available for PCI devices
[    0.000000] Booting paravirtualized kernel on KVM
[    0.000000] clocksource: refined-jiffies: mask: 0xffffffff max_cycles: 0xffffffff, max_idle_ns: 7645519600211568 ns
[    0.000000] setup_percpu: NR_CPUS:512 nr_cpumask_bits:512 nr_cpu_ids:2 nr_node_ids:1
[    0.000000] percpu: Embedded 35 pages/cpu @ffff8ecf3fc00000 s105304 r8192 d29864 u1048576
[    0.000000] pcpu-alloc: s105304 r8192 d29864 u1048576 alloc=1*2097152
[    0.000000] pcpu-alloc: [0] 0 1 
[    0.000000] PV qspinlock hash table entries: 256 (order: 0, 4096 bytes)
[    0.000000] Built 1 zonelists in Node order, mobility grouping on.  Total pages: 515961
[    0.000000] Policy zone: DMA32
[    0.000000] Kernel command line: BOOT_IMAGE=/boot/vmlinuz-4.9.0-8-amd64 root=UUID=30123817-340a-432f-8c36-45b7363012cb ro quiet console=tty0 console=ttyS0
[    0.000000] PID hash table entries: 4096 (order: 3, 32768 bytes)
[    0.000000] Calgary: detecting Calgary via BIOS EBDA area
[    0.000000] Calgary: Unable to locate Rio Grande table in EBDA - bailing!
[    0.000000] Memory: 2030100K/2096696K available (6267K kernel code, 1159K rwdata, 2872K rodata, 1420K init, 688K bss, 66596K reserved, 0K cma-reserved)
[    0.000000] Kernel/User page tables isolation: enabled
[    0.000000] Hierarchical RCU implementation.
[    0.000000] 	Build-time adjustment of leaf fanout to 64.
[    0.000000] 	RCU restricting CPUs from NR_CPUS=512 to nr_cpu_ids=2.
[    0.000000] RCU: Adjusting geometry for rcu_fanout_leaf=64, nr_cpu_ids=2
[    0.000000] NR_IRQS:33024 nr_irqs:440 16
[    0.000000] Console: colour VGA+ 80x25
[    0.000000] console [tty0] enabled
[    0.000000] console [ttyS0] enabled
[    0.000000] tsc: Detected 2303.998 MHz processor
[    0.054789] Calibrating delay loop (skipped) preset value.. 4607.99 BogoMIPS (lpj=9215992)
[    0.054791] pid_max: default: 32768 minimum: 301
[    0.054824] ACPI: Core revision 20160831
[    0.055585] ACPI: 2 ACPI AML tables successfully acquired and loaded
[    0.055618] Security Framework initialized
[    0.055619] Yama: disabled by default; enable with sysctl kernel.yama.*
[    0.055623] AppArmor: AppArmor disabled by boot time parameter
[    0.059088] Dentry cache hash table entries: 262144 (order: 9, 2097152 bytes)
[    0.059336] Inode-cache hash table entries: 131072 (order: 8, 1048576 bytes)
[    0.061573] Mount-cache hash table entries: 4096 (order: 3, 32768 bytes)
[    0.061576] Mountpoint-cache hash table entries: 4096 (order: 3, 32768 bytes)
[    0.061787] mce: CPU supports 0 MCE banks
[    0.061808] Last level iTLB entries: 4KB 64, 2MB 8, 4MB 8
[    0.061809] Last level dTLB entries: 4KB 64, 2MB 0, 4MB 0, 1GB 4
[    0.061810] Spectre V2 : Mitigation: Full generic retpoline
[    0.061810] Spectre V2 : Spectre v2 / SpectreRSB mitigation: Filling RSB on context switch
[    0.061811] Speculative Store Bypass: Vulnerable
[    0.064103] Freeing SMP alternatives memory: 24K
[    0.072707] ftrace: allocating 25291 entries in 99 pages
[    0.114814] smpboot: Max logical packages: 1
[    0.115026] x2apic enabled
[    0.115211] Switched APIC routing to physical x2apic.
[    0.116260] ..TIMER: vector=0x30 apic1=0 pin1=2 apic2=-1 pin2=-1
[    0.224468] smpboot: CPU0: Intel(R) Core(TM) i5-7360U CPU @ 2.30GHz (family: 0x6, model: 0x8e, stepping: 0x9)
[    0.224474] Performance Events: unsupported p6 CPU model 142 no PMU driver, software events only.
[    0.224490] KVM setup paravirtual spinlock
[    0.226441] x86: Booting SMP configuration:
[    0.226443] .... node  #0, CPUs:      #1
[    0.226719] kvm-clock: cpu 1, msr 0:7ffe3041, secondary cpu clock
[    0.226803] mce: CPU supports 0 MCE banks
[    0.228944] x86: Booted up 1 node, 2 CPUs
[    0.228946] smpboot: Total of 2 processors activated (9215.99 BogoMIPS)
[    0.229436] devtmpfs: initialized
[    0.229485] x86/mm: Memory block size: 128MB
[    0.231056] clocksource: jiffies: mask: 0xffffffff max_cycles: 0xffffffff, max_idle_ns: 7645041785100000 ns
[    0.231060] futex hash table entries: 512 (order: 3, 32768 bytes)
[    0.231107] pinctrl core: initialized pinctrl subsystem
[    0.231287] NET: Registered protocol family 16
[    0.240550] cpuidle: using governor ladder
[    0.253708] cpuidle: using governor menu
[    0.253801] ACPI: bus type PCI registered
[    0.253803] acpiphp: ACPI Hot Plug PCI Controller Driver version: 0.5
[    0.254259] PCI: Using configuration type 1 for base access
[    0.265952] HugeTLB registered 2 MB page size, pre-allocated 0 pages
[    0.266702] ACPI: Added _OSI(Module Device)
[    0.266703] ACPI: Added _OSI(Processor Device)
[    0.266704] ACPI: Added _OSI(3.0 _SCP Extensions)
[    0.266704] ACPI: Added _OSI(Processor Aggregator Device)
[    0.267228] ACPI: Executed 1 blocks of module-level executable AML code
[    0.270341] ACPI: Interpreter enabled
[    0.270351] ACPI: (supports S0 S5)
[    0.270352] ACPI: Using IOAPIC for interrupt routing
[    0.270535] PCI: Using host bridge windows from ACPI; if necessary, use "pci=nocrs" and report a bug
[    0.275332] ACPI: PCI Root Bridge [PCI0] (domain 0000 [bus 00-ff])
[    0.275336] acpi PNP0A03:00: _OSC: OS supports [ASPM ClockPM Segments MSI]
[    0.275636] acpi PNP0A03:00: _OSC: not requesting OS control; OS requires [ExtendedConfig ASPM ClockPM MSI]
[    0.275642] acpi PNP0A03:00: fail to add MMCONFIG information, can't access extended PCI configuration space under this bridge.
[    0.276085] PCI host bridge to bus 0000:00
[    0.276087] pci_bus 0000:00: root bus resource [io  0x0000-0x0cf7 window]
[    0.276088] pci_bus 0000:00: root bus resource [io  0x0d00-0xffff window]
[    0.276090] pci_bus 0000:00: root bus resource [mem 0x000a0000-0x000bffff window]
[    0.276091] pci_bus 0000:00: root bus resource [mem 0x80000000-0xfdffffff window]
[    0.276092] pci_bus 0000:00: root bus resource [bus 00-ff]
[    0.276157] pci 0000:00:00.0: [8086:1237] type 00 class 0x060000
[    0.277016] pci 0000:00:01.0: [8086:7000] type 00 class 0x060100
[    0.278094] pci 0000:00:01.1: [8086:7111] type 00 class 0x01018a
[    0.278830] pci 0000:00:01.1: reg 0x20: [io  0xd000-0xd00f]
[    0.279140] pci 0000:00:01.1: legacy IDE quirk: reg 0x10: [io  0x01f0-0x01f7]
[    0.279141] pci 0000:00:01.1: legacy IDE quirk: reg 0x14: [io  0x03f6]
[    0.279141] pci 0000:00:01.1: legacy IDE quirk: reg 0x18: [io  0x0170-0x0177]
[    0.279142] pci 0000:00:01.1: legacy IDE quirk: reg 0x1c: [io  0x0376]
[    0.279417] pci 0000:00:02.0: [80ee:beef] type 00 class 0x030000
[    0.281030] pci 0000:00:02.0: reg 0x10: [mem 0xe0000000-0xe1ffffff pref]
[    0.287666] pci 0000:00:03.0: [8086:100e] type 00 class 0x020000
[    0.288685] pci 0000:00:03.0: reg 0x10: [mem 0xf0000000-0xf001ffff]
[    0.290316] pci 0000:00:03.0: reg 0x18: [io  0xd010-0xd017]
[    0.294130] pci 0000:00:04.0: [80ee:cafe] type 00 class 0x088000
[    0.294941] pci 0000:00:04.0: reg 0x10: [io  0xd020-0xd03f]
[    0.295701] pci 0000:00:04.0: reg 0x14: [mem 0xf0400000-0xf07fffff]
[    0.296446] pci 0000:00:04.0: reg 0x18: [mem 0xf0800000-0xf0803fff pref]
[    0.299943] pci 0000:00:05.0: [8086:2415] type 00 class 0x040100
[    0.300114] pci 0000:00:05.0: reg 0x10: [io  0xd100-0xd1ff]
[    0.300235] pci 0000:00:05.0: reg 0x14: [io  0xd200-0xd23f]
[    0.301151] pci 0000:00:06.0: [106b:003f] type 00 class 0x0c0310
[    0.301985] pci 0000:00:06.0: reg 0x10: [mem 0xf0804000-0xf0804fff]
[    0.307349] pci 0000:00:07.0: [8086:7113] type 00 class 0x068000
[    0.308035] pci 0000:00:07.0: quirk: [io  0x4000-0x403f] claimed by PIIX4 ACPI
[    0.308049] pci 0000:00:07.0: quirk: [io  0x4100-0x410f] claimed by PIIX4 SMB
[    0.308479] pci 0000:00:0d.0: [8086:2829] type 00 class 0x010601
[    0.309708] pci 0000:00:0d.0: reg 0x10: [io  0xd240-0xd247]
[    0.310711] pci 0000:00:0d.0: reg 0x14: [io  0xd248-0xd24b]
[    0.311909] pci 0000:00:0d.0: reg 0x18: [io  0xd250-0xd257]
[    0.312962] pci 0000:00:0d.0: reg 0x1c: [io  0xd258-0xd25b]
[    0.313898] pci 0000:00:0d.0: reg 0x20: [io  0xd260-0xd26f]
[    0.314763] pci 0000:00:0d.0: reg 0x24: [mem 0xf0806000-0xf0807fff]
[    0.317447] ACPI: PCI Interrupt Link [LNKA] (IRQs 5 9 10 *11)
[    0.317652] ACPI: PCI Interrupt Link [LNKB] (IRQs 5 9 *10 11)
[    0.317746] ACPI: PCI Interrupt Link [LNKC] (IRQs 5 *9 10 11)
[    0.317839] ACPI: PCI Interrupt Link [LNKD] (IRQs 5 9 10 *11)
[    0.317991] ACPI: Enabled 2 GPEs in block 00 to 07
[    0.318161] vgaarb: setting as boot device: PCI:0000:00:02.0
[    0.318162] vgaarb: device added: PCI:0000:00:02.0,decodes=io+mem,owns=io+mem,locks=none
[    0.318163] vgaarb: loaded
[    0.318164] vgaarb: bridge control possible 0000:00:02.0
[    0.318320] PCI: Using ACPI for IRQ routing
[    0.318322] PCI: pci_cache_line_size set to 64 bytes
[    0.318587] e820: reserve RAM buffer [mem 0x0009fc00-0x0009ffff]
[    0.318590] e820: reserve RAM buffer [mem 0x7fff0000-0x7fffffff]
[    0.318840] clocksource: Switched to clocksource kvm-clock
[    0.326226] VFS: Disk quotas dquot_6.6.0
[    0.326285] VFS: Dquot-cache hash table entries: 512 (order 0, 4096 bytes)
[    0.326365] pnp: PnP ACPI init
[    0.326420] pnp 00:00: Plug and Play ACPI device, IDs PNP0303 (active)
[    0.326489] pnp 00:01: Plug and Play ACPI device, IDs PNP0f03 (active)
[    0.326823] pnp 00:02: Plug and Play ACPI device, IDs PNP0501 (active)
[    0.327448] pnp: PnP ACPI: found 3 devices
[    0.337738] clocksource: acpi_pm: mask: 0xffffff max_cycles: 0xffffff, max_idle_ns: 2085701024 ns
[    0.337747] pci_bus 0000:00: resource 4 [io  0x0000-0x0cf7 window]
[    0.337748] pci_bus 0000:00: resource 5 [io  0x0d00-0xffff window]
[    0.337749] pci_bus 0000:00: resource 6 [mem 0x000a0000-0x000bffff window]
[    0.337750] pci_bus 0000:00: resource 7 [mem 0x80000000-0xfdffffff window]
[    0.337896] NET: Registered protocol family 2
[    0.338061] TCP established hash table entries: 16384 (order: 5, 131072 bytes)
[    0.338079] TCP bind hash table entries: 16384 (order: 6, 262144 bytes)
[    0.338098] TCP: Hash tables configured (established 16384 bind 16384)
[    0.338109] UDP hash table entries: 1024 (order: 3, 32768 bytes)
[    0.338113] UDP-Lite hash table entries: 1024 (order: 3, 32768 bytes)
[    0.338181] NET: Registered protocol family 1
[    0.338190] pci 0000:00:00.0: Limiting direct PCI/PCI transfers
[    0.338230] pci 0000:00:01.0: Activating ISA DMA hang workarounds
[    0.338297] pci 0000:00:02.0: Video device with shadowed ROM at [mem 0x000c0000-0x000dffff]
[    0.339352] PCI: CLS 0 bytes, default 64
[    0.339384] Unpacking initramfs...
[    0.591764] Freeing initrd memory: 17708K
[    0.591947] platform rtc_cmos: registered platform RTC device (no PNP device found)
[    0.592216] audit: initializing netlink subsys (disabled)
[    0.592230] audit: type=2000 audit(1587316628.409:1): initialized
[    0.592558] workingset: timestamp_bits=40 max_order=19 bucket_order=0
[    0.592608] zbud: loaded
[    0.594061] Block layer SCSI generic (bsg) driver version 0.4 loaded (major 250)
[    0.594123] io scheduler noop registered
[    0.594124] io scheduler deadline registered
[    0.594138] io scheduler cfq registered (default)
[    0.594178] pci_hotplug: PCI Hot Plug PCI Core version: 0.5
[    0.594181] pciehp: PCI Express Hot Plug Controller Driver version: 0.4
[    0.594192] intel_idle: does not run on family 6 model 142
[    0.594247] GHES: HEST is not enabled!
[    0.594319] Serial: 8250/16550 driver, 4 ports, IRQ sharing enabled
[    0.615022] 00:02: ttyS0 at I/O 0x3f8 (irq = 4, base_baud = 115200) is a 16550A
[    0.615554] Linux agpgart interface v0.103
[    0.615642] AMD IOMMUv2 driver by Joerg Roedel <jroedel@suse.de>
[    0.615643] AMD IOMMUv2 functionality not available on this system
[    0.615800] i8042: PNP: PS/2 Controller [PNP0303:PS2K,PNP0f03:PS2M] at 0x60,0x64 irq 1,12
[    0.616323] serio: i8042 KBD port at 0x60,0x64 irq 1
[    0.616332] serio: i8042 AUX port at 0x60,0x64 irq 12
[    0.616703] mousedev: PS/2 mouse device common for all mice
[    0.616957] input: AT Translated Set 2 keyboard as /devices/platform/i8042/serio0/input/input0
[    0.617417] rtc_cmos rtc_cmos: rtc core: registered rtc_cmos as rtc0
[    0.617480] rtc_cmos rtc_cmos: alarms up to one day, 114 bytes nvram
[    0.617540] ledtrig-cpu: registered to indicate activity on CPUs
[    0.618054] NET: Registered protocol family 10
[    0.619278] mip6: Mobile IPv6
[    0.619279] NET: Registered protocol family 17
[    0.619281] mpls_gso: MPLS GSO support
[    0.620371] registered taskstats version 1
[    0.620380] zswap: loaded using pool lzo/zbud
[    0.620584] ima: No TPM chip found, activating TPM-bypass!
[    0.620586] ima: Allocated hash algorithm: sha256
[    0.621003] rtc_cmos rtc_cmos: setting system clock to 2020-04-19 17:16:59 UTC (1587316619)
[    0.621022] PM: Hibernation image not present or could not be loaded.
[    0.644661] Freeing unused kernel memory: 1420K
[    0.644664] Write protecting the kernel read-only data: 12288k
[    0.645107] Freeing unused kernel memory: 1908K
[    0.646538] Freeing unused kernel memory: 1224K
[    0.649763] x86/mm: Checked W+X mappings: passed, no W+X pages found.
[    0.665588] random: systemd-udevd: uninitialized urandom read (16 bytes read)
[    0.665637] random: systemd-udevd: uninitialized urandom read (16 bytes read)
[    0.665643] random: systemd-udevd: uninitialized urandom read (16 bytes read)
[    0.676589] SCSI subsystem initialized
[    0.679847] piix4_smbus 0000:00:07.0: SMBus Host Controller at 0x4100, revision 0
[    0.682350] ACPI: bus type USB registered
[    0.682365] usbcore: registered new interface driver usbfs
[    0.682371] usbcore: registered new interface driver hub
[    0.682936] usbcore: registered new device driver usb
[    0.683792] ehci_hcd: USB 2.0 'Enhanced' Host Controller (EHCI) Driver
[    0.684302] ohci_hcd: USB 1.1 'Open' Host Controller (OHCI) Driver
[    0.684662] ehci-pci: EHCI PCI platform driver
[    0.685192] ohci-pci: OHCI PCI platform driver
[    0.685201] e1000: Intel(R) PRO/1000 Network Driver - version 7.3.21-k8-NAPI
[    0.685201] e1000: Copyright (c) 1999-2006 Intel Corporation.
[    0.685698] ohci-pci 0000:00:06.0: OHCI PCI host controller
[    0.685703] ohci-pci 0000:00:06.0: new USB bus registered, assigned bus number 1
[    0.685759] ohci-pci 0000:00:06.0: irq 22, io mem 0xf0804000
[    0.685883] libata version 3.00 loaded.
[    0.693905] AVX2 version of gcm_enc/dec engaged.
[    0.693906] AES CTR mode by8 optimization enabled
[    0.744119] usb usb1: New USB device found, idVendor=1d6b, idProduct=0001
[    0.744121] usb usb1: New USB device strings: Mfr=3, Product=2, SerialNumber=1
[    0.744123] usb usb1: Product: OHCI PCI host controller
[    0.744124] usb usb1: Manufacturer: Linux 4.9.0-8-amd64 ohci_hcd
[    0.744126] usb usb1: SerialNumber: 0000:00:06.0
[    0.744289] hub 1-0:1.0: USB hub found
[    0.744311] hub 1-0:1.0: 12 ports detected
[    0.899315] input: ImExPS/2 Generic Explorer Mouse as /devices/platform/i8042/serio1/input/input2
[    1.181085] e1000 0000:00:03.0 eth0: (PCI:33MHz:32-bit) 08:00:27:32:7e:30
[    1.181090] e1000 0000:00:03.0 eth0: Intel(R) PRO/1000 Network Connection
[    1.181370] ata_piix 0000:00:01.1: version 2.13
[    1.182303] e1000 0000:00:03.0 enp0s3: renamed from eth0
[    1.182659] scsi host0: ata_piix
[    1.182842] scsi host1: ata_piix
[    1.182907] ata1: PATA max UDMA/33 cmd 0x1f0 ctl 0x3f6 bmdma 0xd000 irq 14
[    1.182908] ata2: PATA max UDMA/33 cmd 0x170 ctl 0x376 bmdma 0xd008 irq 15
[    1.183057] ahci 0000:00:0d.0: version 3.0
[    1.183629] ahci 0000:00:0d.0: SSS flag set, parallel bus scan disabled
[    1.183749] ahci 0000:00:0d.0: AHCI 0001.0100 32 slots 1 ports 3 Gbps 0x1 impl SATA mode
[    1.183750] ahci 0000:00:0d.0: flags: 64bit ncq stag only ccc 
[    1.184343] scsi host2: ahci
[    1.184388] ata3: SATA max UDMA/133 abar m8192@0xf0806000 port 0xf0806100 irq 21
[    1.195462] usb 1-1: new full-speed USB device number 2 using ohci-pci
[    1.343680] ata2.00: ATAPI: VBOX CD-ROM, 1.0, max UDMA/133
[    1.344278] ata2.00: configured for UDMA/33
[    1.345080] scsi 1:0:0:0: CD-ROM            VBOX     CD-ROM           1.0  PQ: 0 ANSI: 5
[    1.498323] ata3: SATA link up 3.0 Gbps (SStatus 123 SControl 300)
[    1.498530] ata3.00: ATA-6: VBOX HARDDISK, 1.0, max UDMA/133
[    1.498532] ata3.00: 50331648 sectors, multi 128: LBA48 NCQ (depth 31/32)
[    1.498963] ata3.00: configured for UDMA/133
[    1.499173] scsi 2:0:0:0: Direct-Access     ATA      VBOX HARDDISK    1.0  PQ: 0 ANSI: 5
[    1.503316] usb 1-1: New USB device found, idVendor=80ee, idProduct=0021
[    1.503318] usb 1-1: New USB device strings: Mfr=1, Product=3, SerialNumber=0
[    1.503320] usb 1-1: Product: USB Tablet
[    1.503321] usb 1-1: Manufacturer: VirtualBox
[    1.508917] hidraw: raw HID events driver (C) Jiri Kosina
[    1.518054] usbcore: registered new interface driver usbhid
[    1.518055] usbhid: USB HID core driver
[    1.528942] input: VirtualBox USB Tablet as /devices/pci0000:00/0000:00:06.0/usb1/1-1/1-1:1.0/0003:80EE:0021.0001/input/input3
[    1.529107] hid-generic 0003:80EE:0021.0001: input,hidraw0: USB HID v1.10 Mouse [VirtualBox USB Tablet] on usb-0000:00:06.0-1/input0
[    1.536177] sr 1:0:0:0: [sr0] scsi3-mmc drive: 32x/32x xa/form2 tray
[    1.536183] cdrom: Uniform CD-ROM driver Revision: 3.20
[    1.536381] sr 1:0:0:0: Attached scsi CD-ROM sr0
[    1.537004] sd 2:0:0:0: [sda] 50331648 512-byte logical blocks: (25.8 GB/24.0 GiB)
[    1.537023] sd 2:0:0:0: [sda] Write Protect is off
[    1.537025] sd 2:0:0:0: [sda] Mode Sense: 00 3a 00 00
[    1.537033] sd 2:0:0:0: [sda] Write cache: enabled, read cache: enabled, doesn't support DPO or FUA
[    1.539648] random: fast init done
[    1.543565]  sda: sda1 sda2 < sda5 >
[    1.544256] sd 2:0:0:0: [sda] Attached SCSI disk
[    1.585906] PM: Starting manual resume from disk
[    1.585908] PM: Hibernation image partition 8:5 present
[    1.585909] PM: Looking for hibernation image.
[    1.586309] PM: Image not found (code -22)
[    1.586310] PM: Hibernation image not present or could not be loaded.
[    1.595239] tsc: Refined TSC clocksource calibration: 2304.738 MHz
[    1.595243] clocksource: tsc: mask: 0xffffffffffffffff max_cycles: 0x2138b0e6175, max_idle_ns: 440795209481 ns
[    1.694145] EXT4-fs (sda1): mounted filesystem with ordered data mode. Opts: (null)
[   31.962731] ip_tables: (C) 2000-2006 Netfilter Core Team
[   32.188578] systemd[1]: systemd 232 running in system mode. (+PAM +AUDIT +SELINUX +IMA +APPARMOR +SMACK +SYSVINIT +UTMP +LIBCRYPTSETUP +GCRYPT +GNUTLS +ACL +XZ +LZ4 +SECCOMP +BLKID +ELFUTILS +KMOD +IDN)
[   32.188745] systemd[1]: Detected virtualization oracle.
[   32.188750] systemd[1]: Detected architecture x86-64.
[   32.195081] systemd[1]: Set hostname to <debian>.
[   32.395871] systemd[1]: Listening on Journal Socket (/dev/log).
[   32.396006] systemd[1]: Created slice System Slice.
[   32.396433] systemd[1]: Mounting POSIX Message Queue File System...
[   32.396477] systemd[1]: Listening on Syslog Socket.
[   32.396598] systemd[1]: Created slice system-getty.slice.
[   32.396692] systemd[1]: Created slice system-serial\x2dgetty.slice.
[   32.466079] EXT4-fs (sda1): re-mounted. Opts: errors=remount-ro
[   32.541865] systemd-journald[190]: Received request to flush runtime journal from PID 1
[   32.654526] ACPI: AC Adapter [AC] (off-line)
[   32.691997] input: Power Button as /devices/LNXSYSTM:00/LNXPWRBN:00/input/input4
[   32.692000] ACPI: Power Button [PWRF]
[   32.692106] input: Sleep Button as /devices/LNXSYSTM:00/LNXSLPBN:00/input/input5
[   32.692108] ACPI: Sleep Button [SLPF]
[   32.718366] [drm] Initialized
[   32.724194] input: PC Speaker as /devices/platform/pcspkr/input/input6
[   32.735712] ACPI: Video Device [GFX0] (multi-head: yes  rom: no  post: no)
[   32.735766] input: Video Bus as /devices/LNXSYSTM:00/LNXSYBUS:00/PNP0A03:00/LNXVIDEO:00/input/input7
[   32.737232] ACPI: Battery Slot [BAT0] (battery present)
[   32.767773] sr 1:0:0:0: Attached scsi generic sg0 type 5
[   32.767844] sd 2:0:0:0: Attached scsi generic sg1 type 0
[   32.878457] vboxguest: loading out-of-tree module taints kernel.
[   32.887432] vgdrvHeartbeatInit: Setting up heartbeat to trigger every 2000 milliseconds
[   32.888649] input: Unspecified device as /devices/pci0000:00/0000:00:04.0/input/input8
[   32.888996] vboxguest: misc device minor 58, IRQ 20, I/O port d020, MMIO at 00000000f0400000 (size 0x400000)
[   32.888997] vboxguest: Successfully loaded version 5.2.16 (interface 0x00010004)
[   33.080996] Adding 2095100k swap on /dev/sda5.  Priority:-1 extents:1 across:2095100k FS
[   33.180421] IPv6: ADDRCONF(NETDEV_UP): enp0s3: link is not ready
[   33.187320] e1000: enp0s3 NIC Link is Up 1000 Mbps Full Duplex, Flow Control: RX
[   33.187600] IPv6: ADDRCONF(NETDEV_CHANGE): enp0s3: link becomes ready
[   34.593129] snd_intel8x0 0000:00:05.0: white list rate for 1028:0177 is 48000
[   34.593946] [drm] VRAM 01700000
[   34.594319] [TTM] Zone  kernel: Available graphics memory: 1026192 kiB
[   34.594320] [TTM] Initializing pool allocator
[   34.594323] [TTM] Initializing DMA pool allocator
[   34.595981] fbcon: vboxdrmfb (fb0) is primary device
[   34.602146] random: crng init done
[   34.602148] random: 7 urandom warning(s) missed due to ratelimiting
[   34.604097] Console: switching to colour frame buffer device 100x37
[   34.606876] vboxvideo 0000:00:02.0: fb0: vboxdrmfb frame buffer device
[   34.615352] [drm] Initialized vboxvideo 1.0.0 20130823 for 0000:00:02.0 on minor 0
[   34.688122] vboxsf: Successfully loaded version 5.2.16 (interface 0x00010004)
[   35.107672] VBoxService 5.2.16 r123759 (verbosity: 0) linux.amd64 (Jul 16 2018 17:06:52) release log
               00:00:00.000964 main     Log opened 2020-04-19T17:17:33.986616000Z
[   35.107740] 00:00:00.001085 main     OS Product: Linux
[   35.107782] 00:00:00.001134 main     OS Release: 4.9.0-8-amd64
[   35.107824] 00:00:00.001176 main     OS Version: #1 SMP Debian 4.9.130-2 (2018-10-27)
[   35.107882] 00:00:00.001216 main     Executable: /opt/VBoxGuestAdditions-5.2.16/sbin/VBoxService
               00:00:00.001217 main     Process ID: 495
               00:00:00.001218 main     Package type: LINUX_64BITS_GENERIC
[   35.109128] 00:00:00.002456 main     5.2.16 r123759 started. Verbose level = 0
[   35.155397] 00:00:00.048726 automount vbsvcAutoMountWorker: Shared folder 'lab3shared' was mounted to '/media/sf_lab3shared'
[  509.117524] qmod: module loaded at 0xffffffffc00ea000
[  509.117528] qmod: registered correctly with major number 248
[  509.117538] qmod: device class registered correctly
[  509.117593] qmod: device class created correctly
[  532.429702] qmod: device has been opened.
[  532.430215] qmod: received 6 characters from the user
[  532.430217] qmod: device successfully closed
[  641.807607] qmod: device has been opened.
[  641.808452] qmod: received 6 characters from the user
[  641.808456] qmod: device successfully closed
[  654.254347] qmod: device has been opened.
[  654.269285] ------------[ cut here ]------------
[  654.269290] WARNING: CPU: 0 PID: 2558 at /usr/src/linux-headers-4.9.0-8-common/arch/x86/include/asm/uaccess.h:697 dev_read+0x10c/0x13e [qmod]
[  654.269291] Buffer overflow detected (256 < 1644)!
[  654.269292] Modules linked in: qmod(O) vboxsf(O) vboxvideo(O) ttm snd_intel8x0 snd_ac97_codec ac97_bus snd_pcm snd_timer vboxguest(O) snd drm_kms_helper crct10dif_pclmul crc32_pclmul sg joydev ghash_clmulni_intel video battery pcspkr evdev soundcore serio_raw drm button ac ip_tables x_tables autofs4 ext4 crc16 jbd2 crc32c_generic fscrypto ecb mbcache sd_mod sr_mod cdrom ata_generic hid_generic usbhid hid crc32c_intel aesni_intel aes_x86_64 glue_helper lrw gf128mul ablk_helper cryptd ahci psmouse libahci ata_piix ohci_pci ehci_pci e1000 ohci_hcd ehci_hcd i2c_piix4 usbcore usb_common libata scsi_mod
[  654.269391] CPU: 0 PID: 2558 Comm: qremove Tainted: G           O    4.9.0-8-amd64 #1 Debian 4.9.130-2
[  654.269392] Hardware name: innotek GmbH VirtualBox/VirtualBox, BIOS VirtualBox 12/01/2006
[  654.269393]  0000000000000000 ffffffffb7b33d74 ffffa35841a9fd30 0000000000000000
[  654.269396]  ffffffffb787a59e ffffa35841a9fda0 ffffa35841a9fd88 000000000000066c
[  654.269398]  0000560fb94f0080 ffff8ecf3c1b6e00 0000000000000000 ffffffffb787a61f
[  654.269401] Call Trace:
[  654.269413]  [<ffffffffb7b33d74>] ? dump_stack+0x5c/0x78
[  654.269415]  [<ffffffffb787a59e>] ? __warn+0xbe/0xe0
[  654.269417]  [<ffffffffb787a61f>] ? warn_slowpath_fmt+0x5f/0x80
[  654.269420]  [<ffffffffc043b1dc>] ? dev_read+0x10c/0x13e [qmod]
[  654.269423]  [<ffffffffb7a0ad21>] ? vfs_read+0x91/0x130
[  654.269425]  [<ffffffffb7a0c1f2>] ? SyS_read+0x52/0xc0
[  654.269428]  [<ffffffffb7803b7d>] ? do_syscall_64+0x8d/0xf0
[  654.269433]  [<ffffffffb7e18f8e>] ? entry_SYSCALL_64_after_swapgs+0x58/0xc6
[  654.269434] ---[ end trace 5aee87fabb6d48c6 ]---
[  654.269435] qmod: failed to send message to a client (error=1644)
[  655.928549] qmod: device successfully closed
[ 1116.029509] qmod: unloading...
[ 1116.029572] qmod: device unregistered
[ 1117.834899] qmod: module loaded at 0xffffffffc00ea000
[ 1117.834903] qmod: registered correctly with major number 248
[ 1117.834910] qmod: device class registered correctly
[ 1117.834955] qmod: device class created correctly
[ 1127.698278] qmod: device has been opened.
[ 1127.699624] qmod: received 6 characters from the user
[ 1127.699628] qmod: device successfully closed
[ 1138.926903] qmod: device has been opened.
[ 1138.927902] qmod: received 6 characters from the user
[ 1138.927905] qmod: device successfully closed
[ 1378.896662] qmod: unloading...
[ 1378.896712] qmod: device unregistered
[ 1383.711447] qmod: module loaded at 0xffffffffc00ea000
[ 1383.711448] Here in init
[ 1383.711450] qmod: registered correctly with major number 248
[ 1383.711455] qmod: device class registered correctly
[ 1383.711486] qmod: device class created correctly
[ 1389.842571] qmod: device has been opened.
[ 1389.856665] IN MUTEX
[ 1389.856667] qmod: received 6 characters from the user
[ 1389.856671] qmod: device successfully closed
[ 1710.916691] qmod: unloading...
[ 1710.916743] qmod: device unregistered
[ 1712.836892] qmod: module loaded at 0xffffffffc00ea000
[ 1712.836894] Here in init
[ 1712.836898] qmod: registered correctly with major number 248
[ 1712.836906] qmod: device class registered correctly
[ 1712.836958] qmod: device class created correctly
[ 1743.195242] qmod: device has been opened.
[ 1743.209977] IN MUTEX
[ 1743.209979] ./qadd
[ 1743.209979] ./qadd
[ 1743.209980] qmod: received 6 characters from the user
[ 1743.209984] qmod: device successfully closed
[ 1898.574511] qmod: unloading...
[ 1898.575344] qmod: device unregistered
[ 1901.834598] qmod: module loaded at 0xffffffffc00ea000
[ 1901.834599] Here in init
[ 1901.834602] qmod: registered correctly with major number 248
[ 1901.834609] qmod: device class registered correctly
[ 1901.834646] qmod: device class created correctly
[ 1908.372843] qmod: device has been opened.
[ 1908.387856] qadd[4601]: segfault at 0 ip 00007f1abd3c4676 sp 00007ffc76626848 error 4 in libc-2.24.so[7f1abd344000+195000]
[ 1908.387913] qmod: device successfully closed
[ 1963.933019] qmod: unloading...
[ 1963.933809] qmod: device unregistered
[ 1966.820972] qmod: module loaded at 0xffffffffc00ea000
[ 1966.820973] Here in init
[ 1966.820975] qmod: registered correctly with major number 248
[ 1966.820984] qmod: device class registered correctly
[ 1966.822058] qmod: device class created correctly
[ 1969.364735] qmod: device has been opened.
[ 1969.380194] IN MUTEX
[ 1969.380196] mymessage123
[ 1969.380196] mymessage123
[ 1969.380197] qmod: received 12 characters from the user
[ 1969.380201] qmod: device successfully closed
[ 2041.990374] qmod: device has been opened.
[ 2042.005080] ------------[ cut here ]------------
[ 2042.005087] WARNING: CPU: 1 PID: 5002 at /usr/src/linux-headers-4.9.0-8-common/arch/x86/include/asm/uaccess.h:697 dev_read+0x10c/0x13e [qmod]
[ 2042.005087] Buffer overflow detected (256 < 448)!
[ 2042.005088] Modules linked in: qmod(O) vboxsf(O) vboxvideo(O) ttm snd_intel8x0 snd_ac97_codec ac97_bus snd_pcm snd_timer vboxguest(O) snd drm_kms_helper crct10dif_pclmul crc32_pclmul sg joydev ghash_clmulni_intel video battery pcspkr evdev soundcore serio_raw drm button ac ip_tables x_tables autofs4 ext4 crc16 jbd2 crc32c_generic fscrypto ecb mbcache sd_mod sr_mod cdrom ata_generic hid_generic usbhid hid crc32c_intel aesni_intel aes_x86_64 glue_helper lrw gf128mul ablk_helper cryptd ahci psmouse libahci ata_piix ohci_pci ehci_pci e1000 ohci_hcd ehci_hcd i2c_piix4 usbcore usb_common libata scsi_mod [last unloaded: qmod]
[ 2042.005141] CPU: 1 PID: 5002 Comm: qremove Tainted: G        W  O    4.9.0-8-amd64 #1 Debian 4.9.130-2
[ 2042.005142] Hardware name: innotek GmbH VirtualBox/VirtualBox, BIOS VirtualBox 12/01/2006
[ 2042.005144]  0000000000000000 ffffffffb7b33d74 ffffa3584092bd30 0000000000000000
[ 2042.005146]  ffffffffb787a59e ffffa3584092bda0 ffffa3584092bd88 00000000000001c0
[ 2042.005148]  0000559843d25080 ffff8ecef6c0fe00 0000000000000000 ffffffffb787a61f
[ 2042.005150] Call Trace:
[ 2042.005156]  [<ffffffffb7b33d74>] ? dump_stack+0x5c/0x78
[ 2042.005158]  [<ffffffffb787a59e>] ? __warn+0xbe/0xe0
[ 2042.005159]  [<ffffffffb787a61f>] ? warn_slowpath_fmt+0x5f/0x80
[ 2042.005162]  [<ffffffffc044020c>] ? dev_read+0x10c/0x13e [qmod]
[ 2042.005165]  [<ffffffffb7a0ad21>] ? vfs_read+0x91/0x130
[ 2042.005167]  [<ffffffffb7a0c1f2>] ? SyS_read+0x52/0xc0
[ 2042.005169]  [<ffffffffb7803b7d>] ? do_syscall_64+0x8d/0xf0
[ 2042.005172]  [<ffffffffb7e18f8e>] ? entry_SYSCALL_64_after_swapgs+0x58/0xc6
[ 2042.005173] ---[ end trace 5aee87fabb6d48c7 ]---
[ 2042.005174] qmod: failed to send message to a client (error=448)
[ 2043.609555] qmod: device successfully closed
[ 2297.993819] qmod: unloading...
[ 2297.994472] qmod: device unregistered
[ 2303.958890] qmod: module loaded at 0xffffffffc00ea000
[ 2303.958892] Here in init
[ 2303.958895] qmod: registered correctly with major number 248
[ 2303.958904] qmod: device class registered correctly
[ 2303.959494] qmod: device class created correctly
[ 2317.590802] qmod: device has been opened.
[ 2317.606138] IN MUTEX
[ 2317.606139] newmessage12345
[ 2317.606140] newmessage12345
[ 2317.606141] qmod: received 15 characters from the user
[ 2317.606144] qmod: device successfully closed
[ 2325.154427] qmod: device has been opened.
[ 2325.168237] In mutex for read
[ 2325.168238] message from read add@/module/qmod
[ 2325.168239] ------------[ cut here ]------------
[ 2325.168245] WARNING: CPU: 1 PID: 5425 at /usr/src/linux-headers-4.9.0-8-common/arch/x86/include/asm/uaccess.h:697 dev_read+0x15a/0x15c [qmod]
[ 2325.168245] Buffer overflow detected (256 < 448)!
[ 2325.168246] Modules linked in: qmod(O) vboxsf(O) vboxvideo(O) ttm snd_intel8x0 snd_ac97_codec ac97_bus snd_pcm snd_timer vboxguest(O) snd drm_kms_helper crct10dif_pclmul crc32_pclmul sg joydev ghash_clmulni_intel video battery pcspkr evdev soundcore serio_raw drm button ac ip_tables x_tables autofs4 ext4 crc16 jbd2 crc32c_generic fscrypto ecb mbcache sd_mod sr_mod cdrom ata_generic hid_generic usbhid hid crc32c_intel aesni_intel aes_x86_64 glue_helper lrw gf128mul ablk_helper cryptd ahci psmouse libahci ata_piix ohci_pci ehci_pci e1000 ohci_hcd ehci_hcd i2c_piix4 usbcore usb_common libata scsi_mod [last unloaded: qmod]
[ 2325.168280] CPU: 1 PID: 5425 Comm: qremove Tainted: G        W  O    4.9.0-8-amd64 #1 Debian 4.9.130-2
[ 2325.168280] Hardware name: innotek GmbH VirtualBox/VirtualBox, BIOS VirtualBox 12/01/2006
[ 2325.168282]  0000000000000000 ffffffffb7b33d74 ffffa3584051fd38 0000000000000000
[ 2325.168284]  ffffffffb787a59e 0000000000000100 ffffa3584051fd90 00000000000001c0
[ 2325.168286]  00000000000001c0 ffff8ecef6e77800 0000000000000000 ffffffffb787a61f
[ 2325.168287] Call Trace:
[ 2325.168292]  [<ffffffffb7b33d74>] ? dump_stack+0x5c/0x78
[ 2325.168294]  [<ffffffffb787a59e>] ? __warn+0xbe/0xe0
[ 2325.168295]  [<ffffffffb787a61f>] ? warn_slowpath_fmt+0x5f/0x80
[ 2325.168296]  [<ffffffffc043b25a>] ? dev_read+0x15a/0x15c [qmod]
[ 2325.168299]  [<ffffffffb7a0ad21>] ? vfs_read+0x91/0x130
[ 2325.168300]  [<ffffffffb7a0c1f2>] ? SyS_read+0x52/0xc0
[ 2325.168302]  [<ffffffffb7803b7d>] ? do_syscall_64+0x8d/0xf0
[ 2325.168304]  [<ffffffffb7e18f8e>] ? entry_SYSCALL_64_after_swapgs+0x58/0xc6
[ 2325.168305] ---[ end trace 5aee87fabb6d48c8 ]---
[ 2325.168306] qmod: failed to send message to a client (error=448)
[ 2326.766892] qmod: device successfully closed
[ 2535.624859] qmod: unloading...
[ 2535.625619] qmod: device unregistered
[ 2540.836002] qmod: module loaded at 0xffffffffc00ea000
[ 2540.836004] Here in init
[ 2540.836008] qmod: registered correctly with major number 248
[ 2540.836071] qmod: device class registered correctly
[ 2540.836774] qmod: device class created correctly
[ 2548.335919] qmod: device has been opened.
[ 2548.350532] IN MUTEX
[ 2548.350534] newmessage1234567890
[ 2548.350534] newmessage1234567890
[ 2548.350536] qmod: received 20 characters from the user
[ 2548.350539] qmod: device successfully closed
[ 2566.111082] qmod: device has been opened.
[ 2566.125949] IN MUTEX
[ 2566.125951] secondnewmessage
[ 2566.125951] secondnewmessage
[ 2566.125952] qmod: received 16 characters from the user
[ 2566.125956] qmod: device successfully closed
[ 2574.435749] qmod: device has been opened.
[ 2574.450825] In mutex for read
[ 2574.450826] QH->FRONT->MESSAGE; add@/module/qmod
[ 2574.450827] message from read add@/module/qmod
[ 2574.450828] ------------[ cut here ]------------
[ 2574.450833] WARNING: CPU: 1 PID: 5852 at /usr/src/linux-headers-4.9.0-8-common/arch/x86/include/asm/uaccess.h:697 dev_read+0x170/0x172 [qmod]
[ 2574.450834] Buffer overflow detected (256 < 448)!
[ 2574.450835] Modules linked in: qmod(O) vboxsf(O) vboxvideo(O) ttm snd_intel8x0 snd_ac97_codec ac97_bus snd_pcm snd_timer vboxguest(O) snd drm_kms_helper crct10dif_pclmul crc32_pclmul sg joydev ghash_clmulni_intel video battery pcspkr evdev soundcore serio_raw drm button ac ip_tables x_tables autofs4 ext4 crc16 jbd2 crc32c_generic fscrypto ecb mbcache sd_mod sr_mod cdrom ata_generic hid_generic usbhid hid crc32c_intel aesni_intel aes_x86_64 glue_helper lrw gf128mul ablk_helper cryptd ahci psmouse libahci ata_piix ohci_pci ehci_pci e1000 ohci_hcd ehci_hcd i2c_piix4 usbcore usb_common libata scsi_mod [last unloaded: qmod]
[ 2574.450870] CPU: 1 PID: 5852 Comm: qremove Tainted: G        W  O    4.9.0-8-amd64 #1 Debian 4.9.130-2
[ 2574.450877] Hardware name: innotek GmbH VirtualBox/VirtualBox, BIOS VirtualBox 12/01/2006
[ 2574.450878]  0000000000000000 ffffffffb7b33d74 ffffa358409cbd38 0000000000000000
[ 2574.450881]  ffffffffb787a59e 0000000000000100 ffffa358409cbd90 00000000000001c0
[ 2574.450882]  00000000000001c0 ffff8ecef6e77300 0000000000000000 ffffffffb787a61f
[ 2574.450884] Call Trace:
[ 2574.450889]  [<ffffffffb7b33d74>] ? dump_stack+0x5c/0x78
[ 2574.450890]  [<ffffffffb787a59e>] ? __warn+0xbe/0xe0
[ 2574.450891]  [<ffffffffb787a61f>] ? warn_slowpath_fmt+0x5f/0x80
[ 2574.450893]  [<ffffffffc0440270>] ? dev_read+0x170/0x172 [qmod]
[ 2574.450896]  [<ffffffffb7a0ad21>] ? vfs_read+0x91/0x130
[ 2574.450897]  [<ffffffffb7a0c1f2>] ? SyS_read+0x52/0xc0
[ 2574.450899]  [<ffffffffb7803b7d>] ? do_syscall_64+0x8d/0xf0
[ 2574.450902]  [<ffffffffb7e18f8e>] ? entry_SYSCALL_64_after_swapgs+0x58/0xc6
[ 2574.450902] ---[ end trace 5aee87fabb6d48c9 ]---
[ 2574.450903] qmod: failed to send message to a client (error=448)
[ 2576.069457] qmod: device successfully closed
[ 3779.548169] qmod: unloading...
[ 3779.548722] qmod: device unregistered
[ 3785.605757] qmod: module loaded at 0xffffffffc00ea000
[ 3785.605759] Here in init
[ 3785.605762] qmod: registered correctly with major number 248
[ 3785.605771] qmod: device class registered correctly
[ 3785.605822] qmod: device class created correctly
[ 3799.915908] qmod: device has been opened.
[ 3799.930354] IN MUTEX
[ 3799.930355] thisismymessage12345
[ 3799.930356] thisismymessage12345
[ 3799.930357] qmod: received 20 characters from the user
[ 3799.930361] qmod: device successfully closed
[ 3805.883055] qmod: device has been opened.
[ 3805.891395] IN MUTEX
[ 3805.891396] thisismymessage67890
[ 3805.891397] thisismymessage67890
[ 3805.891398] qmod: received 20 characters from the user
[ 3805.891401] qmod: device successfully closed
[ 3811.386513] qmod: device has been opened.
[ 3811.401308] In mutex for read
[ 3811.401309] QH->FRONT->MESSAGE; thisismymessage12345
[ 3811.401310] message from read thisismymessage12345
[ 3811.401311] qmod: sent 20 characters to a client
[ 3811.401776] qmod: device successfully closed
[ 3827.516188] qmod: device has been opened.
[ 3827.516691] In mutex for read
[ 3827.516692] QH->FRONT->MESSAGE; thisismymessage67890
[ 3827.516693] message from read thisismymessage67890
[ 3827.516694] qmod: sent 20 characters to a client
[ 3827.517181] qmod: device successfully closed
[ 3830.343747] qmod: device has been opened.
[ 3830.359036] In mutex for read
[ 3830.359038] QH->FRONT->MESSAGE; 
[ 3830.359038] message from read 
[ 3830.359039] ------------[ cut here ]------------
[ 3830.359045] WARNING: CPU: 0 PID: 6289 at /usr/src/linux-headers-4.9.0-8-common/arch/x86/include/asm/uaccess.h:697 dev_read+0x170/0x172 [qmod]
[ 3830.359046] Buffer overflow detected (256 < 480)!
[ 3830.359046] Modules linked in: qmod(O) vboxsf(O) vboxvideo(O) ttm snd_intel8x0 snd_ac97_codec ac97_bus snd_pcm snd_timer vboxguest(O) snd drm_kms_helper crct10dif_pclmul crc32_pclmul sg joydev ghash_clmulni_intel video battery pcspkr evdev soundcore serio_raw drm button ac ip_tables x_tables autofs4 ext4 crc16 jbd2 crc32c_generic fscrypto ecb mbcache sd_mod sr_mod cdrom ata_generic hid_generic usbhid hid crc32c_intel aesni_intel aes_x86_64 glue_helper lrw gf128mul ablk_helper cryptd ahci psmouse libahci ata_piix ohci_pci ehci_pci e1000 ohci_hcd ehci_hcd i2c_piix4 usbcore usb_common libata scsi_mod [last unloaded: qmod]
[ 3830.359080] CPU: 0 PID: 6289 Comm: qremove Tainted: G        W  O    4.9.0-8-amd64 #1 Debian 4.9.130-2
[ 3830.359081] Hardware name: innotek GmbH VirtualBox/VirtualBox, BIOS VirtualBox 12/01/2006
[ 3830.359082]  0000000000000000 ffffffffb7b33d74 ffffa35840333d38 0000000000000000
[ 3830.359084]  ffffffffb787a59e 0000000000000100 ffffa35840333d90 00000000000001e0
[ 3830.359086]  00000000000001e0 ffff8ecef6f90700 0000000000000000 ffffffffb787a61f
[ 3830.359088] Call Trace:
[ 3830.359093]  [<ffffffffb7b33d74>] ? dump_stack+0x5c/0x78
[ 3830.359094]  [<ffffffffb787a59e>] ? __warn+0xbe/0xe0
[ 3830.359096]  [<ffffffffb787a61f>] ? warn_slowpath_fmt+0x5f/0x80
[ 3830.359097]  [<ffffffffc043b280>] ? dev_read+0x170/0x172 [qmod]
[ 3830.359100]  [<ffffffffb7a0ad21>] ? vfs_read+0x91/0x130
[ 3830.359101]  [<ffffffffb7a0c1f2>] ? SyS_read+0x52/0xc0
[ 3830.359103]  [<ffffffffb7803b7d>] ? do_syscall_64+0x8d/0xf0
[ 3830.359105]  [<ffffffffb7e18f8e>] ? entry_SYSCALL_64_after_swapgs+0x58/0xc6
[ 3830.359106] ---[ end trace 5aee87fabb6d48ca ]---
[ 3830.359107] qmod: failed to send message to a client (error=480)
[ 3831.958324] qmod: device successfully closed
[ 3844.427944] qmod: device has been opened.
[ 3844.428786] IN MUTEX
[ 3844.428787] thisismymessage12345
[ 3844.428788] thisismymessage12345
[ 3844.428789] qmod: received 20 characters from the user
[ 3844.428792] qmod: device successfully closed
[ 3850.846834] qmod: device has been opened.
[ 3850.861075] IN MUTEX
[ 3850.861076] thisismymessage67890
[ 3850.861077] thisismymessage67890
[ 3850.861078] qmod: received 20 characters from the user
[ 3850.861081] qmod: device successfully closed
